---
source: tests/sheet.rs
expression: "Sheet::new(date(2026, 9, 15), 1)"
---
Sheet {
    start: 2026-09-15,
    rows: [
        WeekHeader(
            WeekHeader {
                labels: [
                    "Mo",
                    "Tu",
                    "We",
                    "Th",
                    "Fr",
                    "Sa",
                    "So",
                ],
            },
        ),
        Week(
            Week {
                days: [
                    None,
                    Some(
                        2026-09-15,
                    ),
                    Some(
                        2026-09-16,
                    ),
                    Some(
                        2026-09-17,
                    ),
                    Some(
                        2026-09-18,
                    ),
                    Some(
                        2026-09-19,
                    ),
                    Some(
                        2026-09-20,
                    ),
                ],
            },
        ),
    ],
    groups: [
        RowGroup {
            kind: Month(
                8,
            ),
            start: Position {
                row: -1,
                column: 1,
            },
            end: Position {
                row: 1,
                column: 6,
            },
        },
    ],
    year: Year {
        months: [
            Month {
                names: [
                    (
                        1,
                        "Jan",
                    ),
                    (
                        2,
                        "January",
                    ),
                ],
            },
            Month {
                names: [
                    (
                        1,
                        "Feb",
                    ),
                    (
                        2,
                        "February",
                    ),
                ],
            },
            Month {
                names: [
                    (
                        1,
                        "Mar",
                    ),
                    (
                        2,
                        "March",
                    ),
                ],
            },
            Month {
                names: [
                    (
                        1,
                        "Apr",
                    ),
                    (
                        2,
                        "April",
                    ),
                ],
            },
            Month {
                names: [
                    (
                        1,
                        "May",
                    ),
                ],
            },
            Month {
                names: [
                    (
                        1,
                        "Jun",
                    ),
                    (
                        2,
                        "June",
                    ),
                ],
            },
            Month {
                names: [
                    (
                        1,
                        "Jul",
                    ),
                    (
                        2,
                        "July",
                    ),
                ],
            },
            Month {
                names: [
                    (
                        1,
                        "Aug",
                    ),
                    (
                        2,
                        "August",
                    ),
                ],
            },
            Month {
                names: [
                    (
                        1,
                        "Sep",
                    ),
                    (
                        2,
                        "September",
                    ),
                ],
            },
            Month {
                names: [
                    (
                        1,
                        "Oct",
                    ),
                    (
                        2,
                        "October",
                    ),
                ],
            },
            Month {
                names: [
                    (
                        1,
                        "Nov",
                    ),
                    (
                        2,
                        "November",
                    ),
                ],
            },
            Month {
                names: [
                    (
                        1,
                        "Dec",
                    ),
                    (
                        2,
                        "December",
                    ),
                ],
            },
        ],
    },
}
