---
source: tests/sheet.rs
expression: sheet
---
Sheet {
    start: 2026-09-15,
    weeks: [
        Week {
            days: [
                None,
                Some(
                    2026-09-15,
                ),
                Some(
                    2026-09-16,
                ),
                Some(
                    2026-09-17,
                ),
                Some(
                    2026-09-18,
                ),
                Some(
                    2026-09-19,
                ),
                Some(
                    2026-09-20,
                ),
            ],
        },
        Week {
            days: [
                Some(
                    2026-09-21,
                ),
                Some(
                    2026-09-22,
                ),
                Some(
                    2026-09-23,
                ),
                Some(
                    2026-09-24,
                ),
                Some(
                    2026-09-25,
                ),
                Some(
                    2026-09-26,
                ),
                Some(
                    2026-09-27,
                ),
            ],
        },
        Week {
            days: [
                Some(
                    2026-09-28,
                ),
                Some(
                    2026-09-29,
                ),
                Some(
                    2026-09-30,
                ),
                Some(
                    2026-10-01,
                ),
                Some(
                    2026-10-02,
                ),
                Some(
                    2026-10-03,
                ),
                Some(
                    2026-10-04,
                ),
            ],
        },
        Week {
            days: [
                Some(
                    2026-10-05,
                ),
                Some(
                    2026-10-06,
                ),
                Some(
                    2026-10-07,
                ),
                Some(
                    2026-10-08,
                ),
                Some(
                    2026-10-09,
                ),
                Some(
                    2026-10-10,
                ),
                Some(
                    2026-10-11,
                ),
            ],
        },
    ],
    labels: [
        MonthLabel {
            row: 2,
            column: 3,
            name: "October",
            end_row: 3,
            end_column: 6,
        },
    ],
}
